============================================================
Testing Login...
============================================================
python : Traceback (most recent call last):
At line:1 char:55
+ ... ansh\OneDrive\Desktop\resq_backend'; python test_auth.py 2>&1 | tee t ...
+                                          ~~~~~~~~~~~~~~~~~~~~~~~~
    + CategoryInfo          : NotSpecified: (Traceback (most recent call last)::String) [], Remot 
   eException
    + FullyQualifiedErrorId : NativeCommandError
 
  File "C:\Users\Shivansh\AppData\Local\Programs\Python\Python310\lib\site-packages\urllib3\connec
tion.py", line 198, in _new_conn
    sock = connection.create_connection(
  File "C:\Users\Shivansh\AppData\Local\Programs\Python\Python310\lib\site-packages\urllib3\util\c
onnection.py", line 85, in create_connection
    raise err
  File "C:\Users\Shivansh\AppData\Local\Programs\Python\Python310\lib\site-packages\urllib3\util\c
onnection.py", line 73, in create_connection
    sock.connect(sa)
ConnectionRefusedError: [WinError 10061] No connection could be made because the target machine 
actively refused it

The above exception was the direct cause of the following exception:

Traceback (most recent call last):
  File "C:\Users\Shivansh\AppData\Local\Programs\Python\Python310\lib\site-packages\urllib3\connec
tionpool.py", line 787, in urlopen
    response = self._make_request(
  File "C:\Users\Shivansh\AppData\Local\Programs\Python\Python310\lib\site-packages\urllib3\connec
tionpool.py", line 493, in _make_request
    conn.request(
  File "C:\Users\Shivansh\AppData\Local\Programs\Python\Python310\lib\site-packages\urllib3\connec
tion.py", line 494, in request
    self.endheaders()
  File "C:\Users\Shivansh\AppData\Local\Programs\Python\Python310\lib\http\client.py", line 1278, 
in endheaders
    self._send_output(message_body, encode_chunked=encode_chunked)
  File "C:\Users\Shivansh\AppData\Local\Programs\Python\Python310\lib\http\client.py", line 1038, 
in _send_output
    self.send(msg)
  File "C:\Users\Shivansh\AppData\Local\Programs\Python\Python310\lib\http\client.py", line 976, 
in send
    self.connect()
  File "C:\Users\Shivansh\AppData\Local\Programs\Python\Python310\lib\site-packages\urllib3\connec
tion.py", line 325, in connect
    self.sock = self._new_conn()
  File "C:\Users\Shivansh\AppData\Local\Programs\Python\Python310\lib\site-packages\urllib3\connec
tion.py", line 213, in _new_conn
    raise NewConnectionError(
urllib3.exceptions.NewConnectionError: <urllib3.connection.HTTPConnection object at 
0x000001F43D0BFB80>: Failed to establish a new connection: [WinError 10061] No connection could 
be made because the target machine actively refused it

The above exception was the direct cause of the following exception:

Traceback (most recent call last):
  File "C:\Users\Shivansh\AppData\Local\Programs\Python\Python310\lib\site-packages\requests\adapt
ers.py", line 667, in send
    resp = conn.urlopen(
  File "C:\Users\Shivansh\AppData\Local\Programs\Python\Python310\lib\site-packages\urllib3\connec
tionpool.py", line 841, in urlopen
    retries = retries.increment(
  File "C:\Users\Shivansh\AppData\Local\Programs\Python\Python310\lib\site-packages\urllib3\util\r
etry.py", line 519, in increment
    raise MaxRetryError(_pool, url, reason) from reason  # type: ignore[arg-type]
urllib3.exceptions.MaxRetryError: HTTPConnectionPool(host='localhost', port=8000): Max retries 
exceeded with url: /api/auth/login/ (Caused by 
NewConnectionError('<urllib3.connection.HTTPConnection object at 0x000001F43D0BFB80>: Failed to 
establish a new connection: [WinError 10061] No connection could be made because the target 
machine actively refused it'))

During handling of the above exception, another exception occurred:

Traceback (most recent call last):
  File "C:\Users\Shivansh\OneDrive\Desktop\resq_backend\test_auth.py", line 19, in <module>
    response = requests.post('http://localhost:8000/api/auth/login/', json=login_data)
  File 
"C:\Users\Shivansh\AppData\Local\Programs\Python\Python310\lib\site-packages\requests\api.py", 
line 115, in post
    return request("post", url, data=data, json=json, **kwargs)
  File 
"C:\Users\Shivansh\AppData\Local\Programs\Python\Python310\lib\site-packages\requests\api.py", 
line 59, in request
    return session.request(method=method, url=url, **kwargs)
  File "C:\Users\Shivansh\AppData\Local\Programs\Python\Python310\lib\site-packages\requests\sessi
ons.py", line 589, in request
    resp = self.send(prep, **send_kwargs)
  File "C:\Users\Shivansh\AppData\Local\Programs\Python\Python310\lib\site-packages\requests\sessi
ons.py", line 703, in send
    r = adapter.send(request, **kwargs)
  File "C:\Users\Shivansh\AppData\Local\Programs\Python\Python310\lib\site-packages\requests\adapt
ers.py", line 700, in send
    raise ConnectionError(e, request=request)
requests.exceptions.ConnectionError: HTTPConnectionPool(host='localhost', port=8000): Max retries 
exceeded with url: /api/auth/login/ (Caused by 
NewConnectionError('<urllib3.connection.HTTPConnection object at 0x000001F43D0BFB80>: Failed to 
establish a new connection: [WinError 10061] No connection could be made because the target 
machine actively refused it'))
